Traceback (most recent call last):
  File "/mnt/data/pedagoško/_Procesiranje signalov/_VAJE/_ps_lv/.venv/lib/python3.13/site-packages/jupyter_cache/executors/utils.py", line 58, in single_nb_execution
    executenb(
    ~~~~~~~~~^
        nb,
        ^^^
    ...<4 lines>...
        **kwargs,
        ^^^^^^^^^
    )
    ^
  File "/mnt/data/pedagoško/_Procesiranje signalov/_VAJE/_ps_lv/.venv/lib/python3.13/site-packages/nbclient/client.py", line 1323, in execute
    return NotebookClient(nb=nb, resources=resources, km=km, **kwargs).execute()
           ~~~~~~~~~~~~~~~~~~~~~~~~~~~~~~~~~~~~~~~~~~~~~~~~~~~~~~~~~~~~~~~~~~~^^
  File "/mnt/data/pedagoško/_Procesiranje signalov/_VAJE/_ps_lv/.venv/lib/python3.13/site-packages/jupyter_core/utils/__init__.py", line 165, in wrapped
    return loop.run_until_complete(inner)
           ~~~~~~~~~~~~~~~~~~~~~~~^^^^^^^
  File "/home/dgorjup/.local/share/uv/python/cpython-3.13.9-linux-x86_64-gnu/lib/python3.13/asyncio/base_events.py", line 725, in run_until_complete
    return future.result()
           ~~~~~~~~~~~~~^^
  File "/mnt/data/pedagoško/_Procesiranje signalov/_VAJE/_ps_lv/.venv/lib/python3.13/site-packages/nbclient/client.py", line 709, in async_execute
    await self.async_execute_cell(
        cell, index, execution_count=self.code_cells_executed + 1
    )
  File "/mnt/data/pedagoško/_Procesiranje signalov/_VAJE/_ps_lv/.venv/lib/python3.13/site-packages/nbclient/client.py", line 1062, in async_execute_cell
    await self._check_raise_for_error(cell, cell_index, exec_reply)
  File "/mnt/data/pedagoško/_Procesiranje signalov/_VAJE/_ps_lv/.venv/lib/python3.13/site-packages/nbclient/client.py", line 918, in _check_raise_for_error
    raise CellExecutionError.from_cell_and_msg(cell, exec_reply_content)
nbclient.exceptions.CellExecutionError: An error occurred while executing the following cell:
------------------
import warnings
warnings.filterwarnings('ignore')

import numpy as np

%matplotlib inline
import matplotlib.pyplot as plt
import matplotlib.patches as patches
from orodja import plot_mode_shape
from ipywidgets import interact

import lvm_read
import pyidi
import pyEMA
from sdypy import FRF as  pyFRF
------------------


[31m---------------------------------------------------------------------------[39m
[31mModuleNotFoundError[39m                       Traceback (most recent call last)
[36mCell[39m[36m [39m[32mIn[1][39m[32m, line 13[39m
[32m     10[39m [38;5;28;01mfrom[39;00m[38;5;250m [39m[34;01mipywidgets[39;00m[38;5;250m [39m[38;5;28;01mimport[39;00m interact
[32m     12[39m [38;5;28;01mimport[39;00m[38;5;250m [39m[34;01mlvm_read[39;00m
[32m---> [39m[32m13[39m [38;5;28;01mimport[39;00m[38;5;250m [39m[34;01mpyidi[39;00m
[32m     14[39m [38;5;28;01mimport[39;00m[38;5;250m [39m[34;01mpyEMA[39;00m
[32m     15[39m [38;5;28;01mfrom[39;00m[38;5;250m [39m[34;01msdypy[39;00m[38;5;250m [39m[38;5;28;01mimport[39;00m FRF [38;5;28;01mas[39;00m  pyFRF

[31mModuleNotFoundError[39m: No module named 'pyidi'

