Traceback (most recent call last):
  File "/mnt/data/pedagoško/_Procesiranje signalov/_VAJE/_ps_lv/.venv/lib/python3.13/site-packages/jupyter_cache/executors/utils.py", line 58, in single_nb_execution
    executenb(
    ~~~~~~~~~^
        nb,
        ^^^
    ...<4 lines>...
        **kwargs,
        ^^^^^^^^^
    )
    ^
  File "/mnt/data/pedagoško/_Procesiranje signalov/_VAJE/_ps_lv/.venv/lib/python3.13/site-packages/nbclient/client.py", line 1323, in execute
    return NotebookClient(nb=nb, resources=resources, km=km, **kwargs).execute()
           ~~~~~~~~~~~~~~~~~~~~~~~~~~~~~~~~~~~~~~~~~~~~~~~~~~~~~~~~~~~~~~~~~~~^^
  File "/mnt/data/pedagoško/_Procesiranje signalov/_VAJE/_ps_lv/.venv/lib/python3.13/site-packages/jupyter_core/utils/__init__.py", line 165, in wrapped
    return loop.run_until_complete(inner)
           ~~~~~~~~~~~~~~~~~~~~~~~^^^^^^^
  File "/home/dgorjup/.local/share/uv/python/cpython-3.13.9-linux-x86_64-gnu/lib/python3.13/asyncio/base_events.py", line 725, in run_until_complete
    return future.result()
           ~~~~~~~~~~~~~^^
  File "/mnt/data/pedagoško/_Procesiranje signalov/_VAJE/_ps_lv/.venv/lib/python3.13/site-packages/nbclient/client.py", line 709, in async_execute
    await self.async_execute_cell(
        cell, index, execution_count=self.code_cells_executed + 1
    )
  File "/mnt/data/pedagoško/_Procesiranje signalov/_VAJE/_ps_lv/.venv/lib/python3.13/site-packages/nbclient/client.py", line 1062, in async_execute_cell
    await self._check_raise_for_error(cell, cell_index, exec_reply)
  File "/mnt/data/pedagoško/_Procesiranje signalov/_VAJE/_ps_lv/.venv/lib/python3.13/site-packages/nbclient/client.py", line 918, in _check_raise_for_error
    raise CellExecutionError.from_cell_and_msg(cell, exec_reply_content)
nbclient.exceptions.CellExecutionError: An error occurred while executing the following cell:
------------------
f_, PSD_scipy = csd(x, x, fs, scaling='density', window=np.ones_like(a), return_onesided=False)
------------------


[31m---------------------------------------------------------------------------[39m
[31mNameError[39m                                 Traceback (most recent call last)
[36mCell[39m[36m [39m[32mIn[4][39m[32m, line 1[39m
[32m----> [39m[32m1[39m f_, PSD_scipy = csd(x, x, fs, scaling=[33m'[39m[33mdensity[39m[33m'[39m, window=np.ones_like([43ma[49m), return_onesided=[38;5;28;01mFalse[39;00m)

[31mNameError[39m: name 'a' is not defined

